[03:29:49] [ServerMain/INFO]: [bootstrap] Running Java 21 (OpenJDK 64-Bit Server VM 21.0.9+10-LTS; Eclipse Adoptium Temurin-21.0.9+10) on Linux 6.6.87.2-microsoft-standard-WSL2 (amd64)
[03:29:49] [ServerMain/INFO]: [bootstrap] Loading Paper 1.21.8-60-main@29c8822 (2025-09-06T21:49:13Z) for Minecraft 1.21.8
[03:29:49] [ServerMain/INFO]: [PluginInitializerManager] Initializing plugins...
[03:29:49] [ServerMain/INFO]: [PluginInitializerManager] Initialized 0 plugins
[03:29:50] [Paper Plugin Remapper Thread - 0/INFO]: [ReobfServer] Remapping server...
[03:29:58] [ServerMain/INFO]: Environment: Environment[sessionHost=https://sessionserver.mojang.com, servicesHost=https://api.minecraftservices.com, name=PROD]
[03:29:58] [ServerMain/INFO]: Found new data pack file/bukkit, loading it automatically
[03:29:58] [ServerMain/INFO]: Found new data pack paper, loading it automatically
[03:30:01] [ServerMain/INFO]: No existing world data, creating new world
[03:30:04] [Paper Plugin Remapper Thread - 0/INFO]: [ReobfServer] Done remapping server in 14295ms.
[03:30:05] [ServerMain/INFO]: Loaded 1407 recipes
[03:30:06] [ServerMain/INFO]: Loaded 1520 advancements
[03:30:06] [ServerMain/INFO]: [ca.spottedleaf.dataconverter.minecraft.datatypes.MCTypeRegistry] Initialising converters for DataConverter...
[03:30:06] [ServerMain/INFO]: [ca.spottedleaf.dataconverter.minecraft.datatypes.MCTypeRegistry] Finished initialising converters for DataConverter in 610.8ms
[03:30:06] [Server thread/INFO]: Starting minecraft server version 1.21.8
[03:30:06] [Server thread/INFO]: Loading properties
[03:30:06] [Server thread/INFO]: This server is running Paper version 1.21.8-60-main@29c8822 (2025-09-06T21:49:13Z) (Implementing API version 1.21.8-R0.1-SNAPSHOT)
[03:30:07] [Server thread/INFO]: [spark] This server bundles the spark profiler. For more information please visit https://docs.papermc.io/paper/profiling
[03:30:07] [Server thread/INFO]: Server Ping Player Sample Count: 12
[03:30:07] [Server thread/INFO]: Using 4 threads for Netty based IO
[03:30:08] [Server thread/INFO]: [MoonriseCommon] Paper is using 3 worker threads, 1 I/O threads
[03:30:08] [Server thread/INFO]: [ChunkTaskScheduler] Chunk system is using population gen parallelism: true
[03:30:08] [Server thread/INFO]: Default game type: SURVIVAL
[03:30:08] [Server thread/INFO]: Generating keypair
[03:30:08] [Server thread/INFO]: Starting Minecraft server on *:25565
[03:30:08] [Server thread/INFO]: Using epoll channel type
[03:30:08] [Server thread/INFO]: Paper: Using libdeflate (Linux x86_64) compression from Velocity.
[03:30:08] [Server thread/INFO]: Paper: Using OpenSSL 3.x.x (Linux x86_64) cipher from Velocity.
[03:30:08] [Server thread/INFO]: Preparing level "world"
[03:30:13] [Server thread/INFO]: Preparing start region for dimension minecraft:overworld
[03:30:13] [Server thread/INFO]: Preparing spawn area: 2%
[03:30:13] [Server thread/INFO]: Preparing spawn area: 2%
[03:30:14] [Server thread/INFO]: Preparing spawn area: 12%
[03:30:15] [Server thread/INFO]: Preparing spawn area: 12%
[03:30:15] [Server thread/INFO]: Time elapsed: 1967 ms
[03:30:15] [Server thread/INFO]: Preparing start region for dimension minecraft:the_nether
[03:30:15] [Server thread/INFO]: Preparing spawn area: 4%
[03:30:15] [Server thread/INFO]: Time elapsed: 496 ms
[03:30:15] [Server thread/INFO]: Preparing start region for dimension minecraft:the_end
[03:30:15] [Server thread/INFO]: Preparing spawn area: 2%
[03:30:16] [Server thread/INFO]: Time elapsed: 171 ms
[03:30:16] [Server thread/INFO]: [spark] Starting background profiler...
[03:30:16] [Server thread/INFO]: Done preparing level "world" (7.692s)
[03:30:16] [Server thread/INFO]: Starting remote control listener
[03:30:16] [Server thread/INFO]: Thread RCON Listener started
[03:30:16] [Server thread/INFO]: RCON running on 0.0.0.0:25575
[03:30:16] [Server thread/INFO]: Running delayed init tasks
[03:30:16] [Server thread/INFO]: Done (29.421s)! For help, type "help"
[03:38:56] [RCON Listener #1/INFO]: Thread RCON Client /0:0:0:0:0:0:0:1 started
[03:38:56] [Server thread/INFO]: [Rcon: Stopping the server]
[03:38:56] [Server thread/INFO]: Stopping server
[03:38:56] [RCON Client /0:0:0:0:0:0:0:1 #2/INFO]: Thread RCON Client /0:0:0:0:0:0:0:1 shutting down
[03:38:56] [Server thread/INFO]: Saving players
[03:38:56] [Server thread/INFO]: Saving worlds
[03:38:56] [Server thread/INFO]: Saving chunks for level 'ServerLevel[world]'/minecraft:overworld
[03:38:56] [Server thread/INFO]: [ChunkHolderManager] Waiting 60s for chunk system to halt for world 'world'
[03:38:56] [Server thread/INFO]: [ChunkHolderManager] Halted chunk system for world 'world'
[03:38:56] [Server thread/INFO]: [ChunkHolderManager] Saving all chunkholders for world 'world'
[03:38:57] [Server thread/INFO]: [ChunkHolderManager] Saved 797 block chunks, 4 entity chunks, 0 poi chunks in world 'world' in 0.68s
[03:38:57] [Server thread/INFO]: [ChunkHolderManager] Waiting 60s for chunk I/O to halt for world 'world'
[03:38:57] [Server thread/INFO]: [ChunkHolderManager] Halted I/O scheduler for world 'world'
[03:38:57] [Server thread/INFO]: Saving chunks for level 'ServerLevel[world_nether]'/minecraft:the_nether
[03:38:57] [Server thread/INFO]: [ChunkHolderManager] Waiting 60s for chunk system to halt for world 'world_nether'
[03:38:57] [Server thread/INFO]: [ChunkHolderManager] Halted chunk system for world 'world_nether'
[03:38:57] [Server thread/INFO]: [ChunkHolderManager] Saving all chunkholders for world 'world_nether'
[03:38:57] [Server thread/INFO]: [ChunkHolderManager] Saved 794 block chunks, 3 entity chunks, 0 poi chunks in world 'world_nether' in 0.69s
[03:38:57] [Server thread/INFO]: [ChunkHolderManager] Waiting 60s for chunk I/O to halt for world 'world_nether'
[03:38:57] [Server thread/INFO]: [ChunkHolderManager] Halted I/O scheduler for world 'world_nether'
[03:38:57] [Server thread/INFO]: Saving chunks for level 'ServerLevel[world_the_end]'/minecraft:the_end
[03:38:57] [Server thread/INFO]: [ChunkHolderManager] Waiting 60s for chunk system to halt for world 'world_the_end'
[03:38:57] [Server thread/INFO]: [ChunkHolderManager] Halted chunk system for world 'world_the_end'
[03:38:57] [Server thread/INFO]: [ChunkHolderManager] Saving all chunkholders for world 'world_the_end'
[03:38:58] [Server thread/INFO]: [ChunkHolderManager] Saved 792 block chunks, 10 entity chunks, 0 poi chunks in world 'world_the_end' in 0.67s
[03:38:58] [Server thread/INFO]: [ChunkHolderManager] Waiting 60s for chunk I/O to halt for world 'world_the_end'
[03:38:58] [Server thread/INFO]: [ChunkHolderManager] Halted I/O scheduler for world 'world_the_end'
[03:38:58] [Server thread/INFO]: ThreadedAnvilChunkStorage (world): All chunks are saved
[03:38:58] [Server thread/INFO]: ThreadedAnvilChunkStorage (DIM-1): All chunks are saved
[03:38:58] [Server thread/INFO]: ThreadedAnvilChunkStorage (DIM1): All chunks are saved
[03:38:58] [Server thread/INFO]: ThreadedAnvilChunkStorage: All dimensions are saved
[03:38:58] [Server thread/INFO]: Waiting for all RegionFile I/O tasks to complete...
[03:38:58] [Server thread/INFO]: All RegionFile I/O tasks to complete
[03:38:58] [Server thread/INFO]: [MoonriseCommon] Awaiting termination of worker pool for up to 60s...
[03:38:58] [Server thread/INFO]: [MoonriseCommon] Awaiting termination of I/O pool for up to 60s...
